ftn -fpic -c  -O3 -r8 -Mpreprocess -acc -Minfo=accel -DPTRSIZE8 -DPGI_ACC -DMPI -DLONGINT8 -DUNDERSCORE -DGLOBAL_LONG_LONG -I/ccs/home/gongjing/projwork/nekbone-3.1_cem/test/nek_gpu -I/ccs/home/gongjing/projwork/nekbone-3.1_cem/src -I./ /ccs/home/gongjing/projwork/nekbone-3.1_cem/src/cg.f -o obj/cg.o
ftn -fpic -c  -O2 -r8 -Mpreprocess -acc -Minfo=accel -DPTRSIZE8 -DPGI_ACC -DMPI -DLONGINT8 -DUNDERSCORE -DGLOBAL_LONG_LONG -I/ccs/home/gongjing/projwork/nekbone-3.1_cem/test/nek_gpu -I/ccs/home/gongjing/projwork/nekbone-3.1_cem/src -I./ /ccs/home/gongjing/projwork/nekbone-3.1_cem/src/driver.f -o obj/driver.o
cg_acc:
    421, Generating present(x(:),g(:,:),c(:),r(:),w(:),p(:,:,:,:),z(:),ur(:,:,:,:),us(:,:,:,:),ut(:,:,:,:),wk(:,:,:,:))
    425, Generating update device(p(:,:,:,:),c(:),cmask(:),r(:))
nekbone:
     82, Generatimaskit_acc:
    490, Generating present(w(:),pmask(:))
    494, Accelerator kernel generated
        495, !$acc loop gang, vector(256) ! blockidx%x threadidx%x
    494, Generating Tesla code
ng create(x(:),f(:),r(:),w(:),p(:,:,:,:),z(:),c(:),ur(:,:,:,:),us(:,:,:,:),ut(:,:,:,:),wk(:,:,:,:),ug(:),g(:,:),dxm1(:,:),dxtm1(:,:),cmask(:),ids_lgl1(:),ids_lgl2(:),ids_ptr(:))
     93, Generating update device(ids_ptr(:),ids_lgl2(:),ids_lgl1(:))
     96, Generating update device(dxtm1(:,:),dxm1(:,:),g(:,:))
set_multiplicity_acc:
    584, Generating present(c(:))
    590, Accelerator kernel generated
        591, !$acc loop gang, vector(256) ! blockidx%x threadidx%x
    590, Generating Tesla code
set_f_acc:
    604, Generating present(f(:),c(:))
    605, Accelerator kernel generated
        606, !$acc loop gang, vector(256) ! blockidx%x threadidx%x
    605, Generating Tesla code
ax_acc:
    689, Generating present(w(:,:,:,:),u(:,:,:,:),gxyz(:,:,:,:,:),ur(:,:,:,:),us(:,:,:,:),ut(:,:,:,:),wk(:,:,:,:),dxm1(:,:),dxtm1(:,:))
    727, Generating Tesla code
    728, Loop is parallelizable
    730, Loop is parallelizable
    731, Loop is parallelizable
    732, Loop is parallelizable
         Accelerator kernel generated
        728, !$acc loop gang ! blockidx%y
        730, !$acc loop gang, vector(128) collapse(3) ! blockidx%x threadidx%x
        731,   ! blockidx%x threadidx%x collapsed
        732,   ! blockidx%x threadidx%x collapsed
    737, Loop is parallelizable
    757, Generating Tesla code
    758, Loop is parallelizable
    760, Loop is parallelizable
    761, Loop is parallelizable
    762, Loop is parallelizable
         Accelerator kernel generated
        758, !$acc loop gang ! blockidx%y
        760, !$acc loop gang, vector(128) collapse(3) ! blockidx%x threadidx%x
        761,   ! blockidx%x threadidx%x collapsed
        762,   ! blockidx%x threadidx%x collapsed
    765, Complex loop carried dependence of w prevents parallelization
         Loop carried reuse of w prevents parallelization
ftn -fpic -o nekbone  obj/cg.o obj/driver.o obj/math.o obj/mxm_wrapper.o obj/prox_dssum.o obj/prox_setup.o obj/semhat.o obj/speclib.o obj/delay_dum.o obj/hsmg_dum.o obj/comm_mpi.o obj/mxm_std.o obj/blas.o obj/jl_gs.o obj/jl_sort.o obj/jl_sarray_transfer.o obj/jl_sarray_sort.o obj/jl_gs_local.o obj/jl_crystal.o obj/jl_comm.o obj/jl_tensor.o obj/jl_fail.o obj/jl_fcrystal.o -ta=nvidia
#############################################################
#                  Compilation successful!                  #
#############################################################
   text	   data	    bss	    dec	    hex	filename
1680442	 153480	486429544	488263466	1d1a4f2a	nekbone

